// Vitest Snapshot v1, https://vitest.dev/guide/snapshot.html

exports[`StatusBadge > render active icon when active is true 1`] = `"<div><span class="material-icons text-white text-xs rounded-full w-6 h-6 flex items-center justify-center mx-auto bg-green-400" title="Aktif">check</span></div>"`;

exports[`StatusBadge > render non active icon when active is false 1`] = `"<div><span class="material-icons text-white text-xs rounded-full w-6 h-6 flex items-center justify-center mx-auto bg-red-400" title="Tidak Aktif">close</span></div>"`;
